{
  "version": "1",
  "name": "Example API",
  "type": "collection"
}